[2015-10-31 10:10:53.382999] DEBUG: Reican: Using gzip to open the file 
[2015-10-31 11:13:43.541912] ERROR: Reican: Could not match the timestamp
[2015-10-31 14:25:43.542068] ERROR: Reican: Could not match the timestamp
